---
source: src/executor/wall_time/profiler/perf/unwind_data.rs
expression: "unwind_data_from_elf(module_path.as_bytes(), start_addr, end_addr, None,\nexpected_load_bias,)"
---
Ok(
    (
        UnwindData {
            path: "testdata/perf_map/go_fib.bin",
            base_svma: 400000,
            eh_frame_hdr_svma: Some(6498b0..649b94),
            eh_frame_hdr_hash: Some(f1f69beb959a08d7),
            eh_frame_hash: a8727039dd21b51c,
            eh_frame_svma: 649b98..64aa70,
        },
        ProcessUnwindData {
            timestamp: None,
            avma_range: 402000..50f000,
            base_avma: 400000,
        },
    ),
)
