---
source: src/executor/wall_time/profiler/perf/unwind_data.rs
expression: "unwind_data_from_elf(module_path.as_bytes(), start_addr, end_addr, None,\nexpected_load_bias,)"
---
Ok(
    (
        UnwindData {
            path: "testdata/perf_map/ty_walltime",
            base_svma: 0,
            eh_frame_hdr_svma: Some(7ec298..80f67c),
            eh_frame_hdr_hash: Some(6d6dd1e2c782318a),
            eh_frame_hash: ee27244db791265a,
            eh_frame_svma: 80f680..918a9c,
        },
        ProcessUnwindData {
            timestamp: None,
            avma_range: 555555e6d000..555556813000,
            base_avma: 555555554000,
        },
    ),
)
