---
source: src/executor/wall_time/profiler/perf/unwind_data.rs
expression: "unwind_data_from_elf(module_path.as_bytes(), start_addr, end_addr, None,\nexpected_load_bias,)"
---
Ok(
    (
        UnwindData {
            path: "testdata/perf_map/divan_sleep_benches.bin",
            base_svma: 0,
            eh_frame_hdr_svma: Some(2ac74..2ea60),
            eh_frame_hdr_hash: Some(f579da4368e627c1),
            eh_frame_hash: 791501d5a9c438d,
            eh_frame_svma: 11540..2ac74,
        },
        ProcessUnwindData {
            timestamp: None,
            avma_range: 5555555a2000..555555692000,
            base_avma: 555555554000,
        },
    ),
)
