---
source: src/executor/wall_time/profiler/perf/unwind_data.rs
expression: "unwind_data_from_elf(module_path.as_bytes(), start_addr, end_addr, None,\nexpected_load_bias,)"
---
Ok(
    (
        UnwindData {
            path: "testdata/perf_map/the_algorithms.bin",
            base_svma: 0,
            eh_frame_hdr_svma: Some(2f0ec..33590),
            eh_frame_hdr_hash: Some(277fbdb59e6decaa),
            eh_frame_hash: 21d8b0c8da0d1029,
            eh_frame_svma: 128a8..2f0ec,
        },
        ProcessUnwindData {
            timestamp: None,
            avma_range: 5555555a7000..5555556b0000,
            base_avma: 555555554000,
        },
    ),
)
