---
source: crates/memtrack/tests/rss_tests.rs
expression: summary
---
{
  "report": {
    "MaxRssKb:": 64,
    "RssAnon:": 64,
    "RssFile:": 0,
    "RssShmem:": 0
  },
  "rss_stat": [
    {
      "pid": "[pid]",
      "file_mib": 0,
      "anon_mib": 64,
      "shmem_mib": 0,
      "max_rss_mib": 64
    }
  ],
  "rmap": [
    {
      "pid": "[pid]",
      "file_mib": 0,
      "anon_mib": 64,
      "shmem_mib": 0,
      "max_rss_mib": 64
    }
  ]
}
